Changing the balance of 7 to 115792089237316195423570985008687907853269984665640564039457584007913129639925
Balance of 7 is 115792089237316195423570985008687907853269984665640564039457584007913129639925
Changing the caller to 9
9 is sending 11 from 7 to 7 (data:""),  (operatorData:"")
Balance of 7 is 115792089237316195423570985008687907853269984665640564039457584007913129639925
Balance of 7 is 115792089237316195423570985008687907853269984665640564039457584007913129639925
