Changing the balance of 7 to 115792089237316195423570985008687907853269984665640564039457584007913129639926
Balance of 7 is 115792089237316195423570985008687907853269984665640564039457584007913129639926
Changing the caller to 9
9 is sending 115792089237316195423570985008687907853269984665640564039457584007913129639926 from 7 to 1 (data:""),  (operatorData:"")
REVERT
Balance of 7 is 115792089237316195423570985008687907853269984665640564039457584007913129639926
Balance of 1 is 10
