Changing the caller to 3
Changing the balance of 3 to 115792089237316195423570985008687907853269984665640564039457584007913129639935
Balance of 3 is 115792089237316195423570985008687907853269984665640564039457584007913129639935
3 is sending 115792089237316195423570985008687907853269984665640564039457584007913129639926 to 10 (data:)
REVERT
Balance of 3 is 115792089237316195423570985008687907853269984665640564039457584007913129639935
Balance of 10 is 100
3 is sending 115792089237316195423570985008687907853269984665640564039457584007913129639926 from 3 to 10 (data:""),  (operatorData:"")
REVERT
Balance of 3 is 115792089237316195423570985008687907853269984665640564039457584007913129639935
Balance of 10 is 100
Changing the caller to 8
8 is sending 115792089237316195423570985008687907853269984665640564039457584007913129639926 from 3 to 10 (data:""),  (operatorData:"")
REVERT
Balance of 3 is 115792089237316195423570985008687907853269984665640564039457584007913129639935
Balance of 10 is 100
