Changing the balance of 7 to 115792089237316195423570985008687907853269984665640564039457584007913129639925
Balance of 7 is 115792089237316195423570985008687907853269984665640564039457584007913129639925
7 is approving allowance 115792089237316195423570985008687907853269984665640564039457584007913129639925 for 9
Changing the caller to 9
9 is transferring 115792089237316195423570985008687907853269984665640564039457584007913129639925 from 7 to 1
Balance of 7 is 0
Balance of 1 is 115792089237316195423570985008687907853269984665640564039457584007913129639935
Allowance of 7 for 9 is 0
