name = RVToken
symbol = RVT
granularity() => 1
defaultOperators() => 8 9 
