7 is revoking operator 8
7 is authorizing 8 as an operator
