7 is authorizing 1 as an operator
7 is authorizing 1 as an operator
