granularity: 10
Burning 23 units from 7
REVERT
Balance of 7 is 70
Total supply is 550
