Changing the caller to 9
9 is sending 0 from 0 to 1 (data:""),  (operatorData:"")
REVERT
Balance of 0 is 0
Balance of 1 is 10
9 is sending 1 from 1 to 0 (data:""),  (operatorData:"")
REVERT
Balance of 1 is 10
Balance of 0 is 0
