Changing the caller to 9
9 is sending 23 from 7 to 9 (data:""),  (operatorData:"")
Balance of 7 is 47
Balance of 9 is 113
