Changing the caller to 9
9 is sending 71 from 7 to 9 (data:""),  (operatorData:"")
REVERT
Balance of 7 is 70
Balance of 9 is 90
