granularity: 10
Changing the caller to 8
8 is burning 23 units from 7 (operatorData:"")
REVERT
Balance of 7 is 70
Total supply is 550
