Registering receiver 3 with hook 5
Changing the caller to 10
Changing the balance of 10 to 115792089237316195423570985008687907853269984665640564039457584007913129639935
Balance of 10 is 115792089237316195423570985008687907853269984665640564039457584007913129639935
10 is sending 115792089237316195423570985008687907853269984665640564039457584007913129639926 to 3 (data:)
REVERT
Balance of 10 is 115792089237316195423570985008687907853269984665640564039457584007913129639935
Balance of 3 is 30
10 is sending 115792089237316195423570985008687907853269984665640564039457584007913129639926 from 10 to 3 (data:""),  (operatorData:"")
REVERT
Balance of 10 is 115792089237316195423570985008687907853269984665640564039457584007913129639935
Balance of 3 is 30
Changing the caller to 8
8 is sending 115792089237316195423570985008687907853269984665640564039457584007913129639926 from 10 to 3 (data:""),  (operatorData:"")
REVERT
Balance of 10 is 115792089237316195423570985008687907853269984665640564039457584007913129639935
Balance of 3 is 30
