7 is authorizing 1 as an operator
7 is revoking operator 1
