Changing the balance of 7 to 115792089237316195423570985008687907853269984665640564039457584007913129639935
Balance of 7 is 115792089237316195423570985008687907853269984665640564039457584007913129639935
7 is sending 115792089237316195423570985008687907853269984665640564039457584007913129639926 to 1 (data:)
REVERT
Balance of 7 is 115792089237316195423570985008687907853269984665640564039457584007913129639935
Balance of 1 is 10
