Changing the balance of 7 to 115792089237316195423570985008687907853269984665640564039457584007913129639925
Balance of 7 is 115792089237316195423570985008687907853269984665640564039457584007913129639925
7 is transferring 11 to 7
Balance of 7 is 115792089237316195423570985008687907853269984665640564039457584007913129639925
Balance of 7 is 115792089237316195423570985008687907853269984665640564039457584007913129639925
Allowance of 7 for 7 is 0
