Changing the balance of 7 to 115792089237316195423570985008687907853269984665640564039457584007913129639925
Balance of 7 is 115792089237316195423570985008687907853269984665640564039457584007913129639925
7 is sending 11 to 7 (data:)
Balance of 7 is 115792089237316195423570985008687907853269984665640564039457584007913129639925
Balance of 7 is 115792089237316195423570985008687907853269984665640564039457584007913129639925
